Watching for file changes with StatReloader
Internal Server Error: /
Traceback (most recent call last):
  File "g:\Python\Projects\dpits-cms\.venv\lib\site-packages\django\contrib\sessions\backends\base.py", line 244, in _get_session
    return self._session_cache
AttributeError: 'SessionStore' object has no attribute '_session_cache'

During handling of the above exception, another exception occurred:

Traceback (most recent call last):
  File "g:\Python\Projects\dpits-cms\.venv\lib\site-packages\django\core\handlers\exception.py", line 55, in inner
    response = get_response(request)
  File "g:\Python\Projects\dpits-cms\.venv\lib\site-packages\django\core\handlers\base.py", line 197, in _get_response
    response = wrapped_callback(request, *callback_args, **callback_kwargs)
  File "G:\Python\Projects\dpits-cms\mysite\main\views.py", line 30, in index
    return render(request, "main/index.html", context)
  File "g:\Python\Projects\dpits-cms\.venv\lib\site-packages\django\shortcuts.py", line 25, in render
    content = loader.render_to_string(template_name, context, request, using=using)
  File "g:\Python\Projects\dpits-cms\.venv\lib\site-packages\django\template\loader.py", line 62, in render_to_string
    return template.render(context, request)
  File "g:\Python\Projects\dpits-cms\.venv\lib\site-packages\django\template\backends\django.py", line 107, in render
    return self.template.render(context)
  File "g:\Python\Projects\dpits-cms\.venv\lib\site-packages\django\template\base.py", line 171, in render
    return self._render(context)
  File "g:\Python\Projects\dpits-cms\.venv\lib\site-packages\django\template\base.py", line 163, in _render
    return self.nodelist.render(context)
  File "g:\Python\Projects\dpits-cms\.venv\lib\site-packages\django\template\base.py", line 1016, in render
    return SafeString("".join([node.render_annotated(context) for node in self]))
  File "g:\Python\Projects\dpits-cms\.venv\lib\site-packages\django\template\base.py", line 1016, in <listcomp>
    return SafeString("".join([node.render_annotated(context) for node in self]))
  File "g:\Python\Projects\dpits-cms\.venv\lib\site-packages\django\template\base.py", line 977, in render_annotated
    return self.render(context)
  File "g:\Python\Projects\dpits-cms\.venv\lib\site-packages\django\template\loader_tags.py", line 159, in render
    return compiled_parent._render(context)
  File "g:\Python\Projects\dpits-cms\.venv\lib\site-packages\django\template\base.py", line 163, in _render
    return self.nodelist.render(context)
  File "g:\Python\Projects\dpits-cms\.venv\lib\site-packages\django\template\base.py", line 1016, in render
    return SafeString("".join([node.render_annotated(context) for node in self]))
  File "g:\Python\Projects\dpits-cms\.venv\lib\site-packages\django\template\base.py", line 1016, in <listcomp>
    return SafeString("".join([node.render_annotated(context) for node in self]))
  File "g:\Python\Projects\dpits-cms\.venv\lib\site-packages\django\template\base.py", line 977, in render_annotated
    return self.render(context)
  File "g:\Python\Projects\dpits-cms\.venv\lib\site-packages\django\template\loader_tags.py", line 65, in render
    result = block.nodelist.render(context)
  File "g:\Python\Projects\dpits-cms\.venv\lib\site-packages\django\template\base.py", line 1016, in render
    return SafeString("".join([node.render_annotated(context) for node in self]))
  File "g:\Python\Projects\dpits-cms\.venv\lib\site-packages\django\template\base.py", line 1016, in <listcomp>
    return SafeString("".join([node.render_annotated(context) for node in self]))
  File "g:\Python\Projects\dpits-cms\.venv\lib\site-packages\django\template\base.py", line 977, in render_annotated
    return self.render(context)
  File "g:\Python\Projects\dpits-cms\.venv\lib\site-packages\django\template\loader_tags.py", line 210, in render
    return template.render(context)
  File "g:\Python\Projects\dpits-cms\.venv\lib\site-packages\django\template\base.py", line 173, in render
    return self._render(context)
  File "g:\Python\Projects\dpits-cms\.venv\lib\site-packages\django\template\base.py", line 163, in _render
    return self.nodelist.render(context)
  File "g:\Python\Projects\dpits-cms\.venv\lib\site-packages\django\template\base.py", line 1016, in render
    return SafeString("".join([node.render_annotated(context) for node in self]))
  File "g:\Python\Projects\dpits-cms\.venv\lib\site-packages\django\template\base.py", line 1016, in <listcomp>
    return SafeString("".join([node.render_annotated(context) for node in self]))
  File "g:\Python\Projects\dpits-cms\.venv\lib\site-packages\django\template\base.py", line 977, in render_annotated
    return self.render(context)
  File "g:\Python\Projects\dpits-cms\.venv\lib\site-packages\django\template\defaulttags.py", line 320, in render
    match = condition.eval(context)
  File "g:\Python\Projects\dpits-cms\.venv\lib\site-packages\django\template\defaulttags.py", line 886, in eval
    return self.value.resolve(context, ignore_failures=True)
  File "g:\Python\Projects\dpits-cms\.venv\lib\site-packages\django\template\base.py", line 722, in resolve
    obj = self.var.resolve(context)
  File "g:\Python\Projects\dpits-cms\.venv\lib\site-packages\django\template\base.py", line 854, in resolve
    value = self._resolve_lookup(context)
  File "g:\Python\Projects\dpits-cms\.venv\lib\site-packages\django\template\base.py", line 891, in _resolve_lookup
    current = current[bit]
  File "g:\Python\Projects\dpits-cms\.venv\lib\site-packages\django\utils\functional.py", line 251, in inner
    self._setup()
  File "g:\Python\Projects\dpits-cms\.venv\lib\site-packages\django\utils\functional.py", line 404, in _setup
    self._wrapped = self._setupfunc()
  File "g:\Python\Projects\dpits-cms\.venv\lib\site-packages\django\contrib\auth\middleware.py", line 40, in <lambda>
    request.user = SimpleLazyObject(lambda: get_user(request))
  File "g:\Python\Projects\dpits-cms\.venv\lib\site-packages\django\contrib\auth\middleware.py", line 20, in get_user
    request._cached_user = auth.get_user(request)
  File "g:\Python\Projects\dpits-cms\.venv\lib\site-packages\django\contrib\auth\__init__.py", line 304, in get_user
    user_id = _get_user_session_key(request)
  File "g:\Python\Projects\dpits-cms\.venv\lib\site-packages\django\contrib\auth\__init__.py", line 95, in _get_user_session_key
    return get_user_model()._meta.pk.to_python(request.session[SESSION_KEY])
  File "g:\Python\Projects\dpits-cms\.venv\lib\site-packages\django\contrib\sessions\backends\base.py", line 55, in __getitem__
    return self._session[key]
  File "g:\Python\Projects\dpits-cms\.venv\lib\site-packages\django\contrib\sessions\backends\base.py", line 249, in _get_session
    self._session_cache = self.load()
  File "g:\Python\Projects\dpits-cms\.venv\lib\site-packages\django\contrib\sessions\backends\cached_db.py", line 46, in load
    self._cache.set(
  File "g:\Python\Projects\dpits-cms\.venv\lib\site-packages\django\core\cache\backends\redis.py", line 192, in set
    self._cache.set(key, value, self.get_backend_timeout(timeout))
  File "g:\Python\Projects\dpits-cms\.venv\lib\site-packages\django\utils\functional.py", line 47, in __get__
    res = instance.__dict__[self.name] = self.func(instance)
  File "g:\Python\Projects\dpits-cms\.venv\lib\site-packages\django\core\cache\backends\redis.py", line 173, in _cache
    return self._class(self._servers, **self._options)
  File "g:\Python\Projects\dpits-cms\.venv\lib\site-packages\django\core\cache\backends\redis.py", line 40, in __init__
    import redis
ModuleNotFoundError: No module named 'redis'
"GET / HTTP/1.1" 500 278809
Internal Server Error: /
Traceback (most recent call last):
  File "g:\Python\Projects\dpits-cms\.venv\lib\site-packages\django\contrib\sessions\backends\base.py", line 244, in _get_session
    return self._session_cache
AttributeError: 'SessionStore' object has no attribute '_session_cache'

During handling of the above exception, another exception occurred:

Traceback (most recent call last):
  File "g:\Python\Projects\dpits-cms\.venv\lib\site-packages\django\core\handlers\exception.py", line 55, in inner
    response = get_response(request)
  File "g:\Python\Projects\dpits-cms\.venv\lib\site-packages\django\core\handlers\base.py", line 197, in _get_response
    response = wrapped_callback(request, *callback_args, **callback_kwargs)
  File "G:\Python\Projects\dpits-cms\mysite\main\views.py", line 30, in index
    return render(request, "main/index.html", context)
  File "g:\Python\Projects\dpits-cms\.venv\lib\site-packages\django\shortcuts.py", line 25, in render
    content = loader.render_to_string(template_name, context, request, using=using)
  File "g:\Python\Projects\dpits-cms\.venv\lib\site-packages\django\template\loader.py", line 62, in render_to_string
    return template.render(context, request)
  File "g:\Python\Projects\dpits-cms\.venv\lib\site-packages\django\template\backends\django.py", line 107, in render
    return self.template.render(context)
  File "g:\Python\Projects\dpits-cms\.venv\lib\site-packages\django\template\base.py", line 171, in render
    return self._render(context)
  File "g:\Python\Projects\dpits-cms\.venv\lib\site-packages\django\template\base.py", line 163, in _render
    return self.nodelist.render(context)
  File "g:\Python\Projects\dpits-cms\.venv\lib\site-packages\django\template\base.py", line 1016, in render
    return SafeString("".join([node.render_annotated(context) for node in self]))
  File "g:\Python\Projects\dpits-cms\.venv\lib\site-packages\django\template\base.py", line 1016, in <listcomp>
    return SafeString("".join([node.render_annotated(context) for node in self]))
  File "g:\Python\Projects\dpits-cms\.venv\lib\site-packages\django\template\base.py", line 977, in render_annotated
    return self.render(context)
  File "g:\Python\Projects\dpits-cms\.venv\lib\site-packages\django\template\loader_tags.py", line 159, in render
    return compiled_parent._render(context)
  File "g:\Python\Projects\dpits-cms\.venv\lib\site-packages\django\template\base.py", line 163, in _render
    return self.nodelist.render(context)
  File "g:\Python\Projects\dpits-cms\.venv\lib\site-packages\django\template\base.py", line 1016, in render
    return SafeString("".join([node.render_annotated(context) for node in self]))
  File "g:\Python\Projects\dpits-cms\.venv\lib\site-packages\django\template\base.py", line 1016, in <listcomp>
    return SafeString("".join([node.render_annotated(context) for node in self]))
  File "g:\Python\Projects\dpits-cms\.venv\lib\site-packages\django\template\base.py", line 977, in render_annotated
    return self.render(context)
  File "g:\Python\Projects\dpits-cms\.venv\lib\site-packages\django\template\loader_tags.py", line 65, in render
    result = block.nodelist.render(context)
  File "g:\Python\Projects\dpits-cms\.venv\lib\site-packages\django\template\base.py", line 1016, in render
    return SafeString("".join([node.render_annotated(context) for node in self]))
  File "g:\Python\Projects\dpits-cms\.venv\lib\site-packages\django\template\base.py", line 1016, in <listcomp>
    return SafeString("".join([node.render_annotated(context) for node in self]))
  File "g:\Python\Projects\dpits-cms\.venv\lib\site-packages\django\template\base.py", line 977, in render_annotated
    return self.render(context)
  File "g:\Python\Projects\dpits-cms\.venv\lib\site-packages\django\template\loader_tags.py", line 210, in render
    return template.render(context)
  File "g:\Python\Projects\dpits-cms\.venv\lib\site-packages\django\template\base.py", line 173, in render
    return self._render(context)
  File "g:\Python\Projects\dpits-cms\.venv\lib\site-packages\django\template\base.py", line 163, in _render
    return self.nodelist.render(context)
  File "g:\Python\Projects\dpits-cms\.venv\lib\site-packages\django\template\base.py", line 1016, in render
    return SafeString("".join([node.render_annotated(context) for node in self]))
  File "g:\Python\Projects\dpits-cms\.venv\lib\site-packages\django\template\base.py", line 1016, in <listcomp>
    return SafeString("".join([node.render_annotated(context) for node in self]))
  File "g:\Python\Projects\dpits-cms\.venv\lib\site-packages\django\template\base.py", line 977, in render_annotated
    return self.render(context)
  File "g:\Python\Projects\dpits-cms\.venv\lib\site-packages\django\template\defaulttags.py", line 320, in render
    match = condition.eval(context)
  File "g:\Python\Projects\dpits-cms\.venv\lib\site-packages\django\template\defaulttags.py", line 886, in eval
    return self.value.resolve(context, ignore_failures=True)
  File "g:\Python\Projects\dpits-cms\.venv\lib\site-packages\django\template\base.py", line 722, in resolve
    obj = self.var.resolve(context)
  File "g:\Python\Projects\dpits-cms\.venv\lib\site-packages\django\template\base.py", line 854, in resolve
    value = self._resolve_lookup(context)
  File "g:\Python\Projects\dpits-cms\.venv\lib\site-packages\django\template\base.py", line 891, in _resolve_lookup
    current = current[bit]
  File "g:\Python\Projects\dpits-cms\.venv\lib\site-packages\django\utils\functional.py", line 251, in inner
    self._setup()
  File "g:\Python\Projects\dpits-cms\.venv\lib\site-packages\django\utils\functional.py", line 404, in _setup
    self._wrapped = self._setupfunc()
  File "g:\Python\Projects\dpits-cms\.venv\lib\site-packages\django\contrib\auth\middleware.py", line 40, in <lambda>
    request.user = SimpleLazyObject(lambda: get_user(request))
  File "g:\Python\Projects\dpits-cms\.venv\lib\site-packages\django\contrib\auth\middleware.py", line 20, in get_user
    request._cached_user = auth.get_user(request)
  File "g:\Python\Projects\dpits-cms\.venv\lib\site-packages\django\contrib\auth\__init__.py", line 304, in get_user
    user_id = _get_user_session_key(request)
  File "g:\Python\Projects\dpits-cms\.venv\lib\site-packages\django\contrib\auth\__init__.py", line 95, in _get_user_session_key
    return get_user_model()._meta.pk.to_python(request.session[SESSION_KEY])
  File "g:\Python\Projects\dpits-cms\.venv\lib\site-packages\django\contrib\sessions\backends\base.py", line 55, in __getitem__
    return self._session[key]
  File "g:\Python\Projects\dpits-cms\.venv\lib\site-packages\django\contrib\sessions\backends\base.py", line 249, in _get_session
    self._session_cache = self.load()
  File "g:\Python\Projects\dpits-cms\.venv\lib\site-packages\django\contrib\sessions\backends\cached_db.py", line 46, in load
    self._cache.set(
  File "g:\Python\Projects\dpits-cms\.venv\lib\site-packages\django\core\cache\backends\redis.py", line 192, in set
    self._cache.set(key, value, self.get_backend_timeout(timeout))
  File "g:\Python\Projects\dpits-cms\.venv\lib\site-packages\django\utils\functional.py", line 47, in __get__
    res = instance.__dict__[self.name] = self.func(instance)
  File "g:\Python\Projects\dpits-cms\.venv\lib\site-packages\django\core\cache\backends\redis.py", line 173, in _cache
    return self._class(self._servers, **self._options)
  File "g:\Python\Projects\dpits-cms\.venv\lib\site-packages\django\core\cache\backends\redis.py", line 40, in __init__
    import redis
ModuleNotFoundError: No module named 'redis'
"GET / HTTP/1.1" 500 278809
Internal Server Error: /
Traceback (most recent call last):
  File "g:\Python\Projects\dpits-cms\.venv\lib\site-packages\django\contrib\sessions\backends\base.py", line 244, in _get_session
    return self._session_cache
AttributeError: 'SessionStore' object has no attribute '_session_cache'

During handling of the above exception, another exception occurred:

Traceback (most recent call last):
  File "g:\Python\Projects\dpits-cms\.venv\lib\site-packages\redis\connection.py", line 389, in connect_check_health
    sock = self.retry.call_with_retry(
  File "g:\Python\Projects\dpits-cms\.venv\lib\site-packages\redis\retry.py", line 105, in call_with_retry
    return do()
  File "g:\Python\Projects\dpits-cms\.venv\lib\site-packages\redis\connection.py", line 390, in <lambda>
    lambda: self._connect(), lambda error: self.disconnect(error)
  File "g:\Python\Projects\dpits-cms\.venv\lib\site-packages\redis\connection.py", line 803, in _connect
    raise err
  File "g:\Python\Projects\dpits-cms\.venv\lib\site-packages\redis\connection.py", line 787, in _connect
    sock.connect(socket_address)
ConnectionRefusedError: [WinError 10061] Подключение не установлено, т.к. конечный компьютер отверг запрос на подключение

During handling of the above exception, another exception occurred:

Traceback (most recent call last):
  File "g:\Python\Projects\dpits-cms\.venv\lib\site-packages\django\core\handlers\exception.py", line 55, in inner
    response = get_response(request)
  File "g:\Python\Projects\dpits-cms\.venv\lib\site-packages\django\core\handlers\base.py", line 197, in _get_response
    response = wrapped_callback(request, *callback_args, **callback_kwargs)
  File "G:\Python\Projects\dpits-cms\mysite\main\views.py", line 30, in index
    return render(request, "main/index.html", context)
  File "g:\Python\Projects\dpits-cms\.venv\lib\site-packages\django\shortcuts.py", line 25, in render
    content = loader.render_to_string(template_name, context, request, using=using)
  File "g:\Python\Projects\dpits-cms\.venv\lib\site-packages\django\template\loader.py", line 62, in render_to_string
    return template.render(context, request)
  File "g:\Python\Projects\dpits-cms\.venv\lib\site-packages\django\template\backends\django.py", line 107, in render
    return self.template.render(context)
  File "g:\Python\Projects\dpits-cms\.venv\lib\site-packages\django\template\base.py", line 171, in render
    return self._render(context)
  File "g:\Python\Projects\dpits-cms\.venv\lib\site-packages\django\template\base.py", line 163, in _render
    return self.nodelist.render(context)
  File "g:\Python\Projects\dpits-cms\.venv\lib\site-packages\django\template\base.py", line 1016, in render
    return SafeString("".join([node.render_annotated(context) for node in self]))
  File "g:\Python\Projects\dpits-cms\.venv\lib\site-packages\django\template\base.py", line 1016, in <listcomp>
    return SafeString("".join([node.render_annotated(context) for node in self]))
  File "g:\Python\Projects\dpits-cms\.venv\lib\site-packages\django\template\base.py", line 977, in render_annotated
    return self.render(context)
  File "g:\Python\Projects\dpits-cms\.venv\lib\site-packages\django\template\loader_tags.py", line 159, in render
    return compiled_parent._render(context)
  File "g:\Python\Projects\dpits-cms\.venv\lib\site-packages\django\template\base.py", line 163, in _render
    return self.nodelist.render(context)
  File "g:\Python\Projects\dpits-cms\.venv\lib\site-packages\django\template\base.py", line 1016, in render
    return SafeString("".join([node.render_annotated(context) for node in self]))
  File "g:\Python\Projects\dpits-cms\.venv\lib\site-packages\django\template\base.py", line 1016, in <listcomp>
    return SafeString("".join([node.render_annotated(context) for node in self]))
  File "g:\Python\Projects\dpits-cms\.venv\lib\site-packages\django\template\base.py", line 977, in render_annotated
    return self.render(context)
  File "g:\Python\Projects\dpits-cms\.venv\lib\site-packages\django\template\loader_tags.py", line 65, in render
    result = block.nodelist.render(context)
  File "g:\Python\Projects\dpits-cms\.venv\lib\site-packages\django\template\base.py", line 1016, in render
    return SafeString("".join([node.render_annotated(context) for node in self]))
  File "g:\Python\Projects\dpits-cms\.venv\lib\site-packages\django\template\base.py", line 1016, in <listcomp>
    return SafeString("".join([node.render_annotated(context) for node in self]))
  File "g:\Python\Projects\dpits-cms\.venv\lib\site-packages\django\template\base.py", line 977, in render_annotated
    return self.render(context)
  File "g:\Python\Projects\dpits-cms\.venv\lib\site-packages\django\template\loader_tags.py", line 210, in render
    return template.render(context)
  File "g:\Python\Projects\dpits-cms\.venv\lib\site-packages\django\template\base.py", line 173, in render
    return self._render(context)
  File "g:\Python\Projects\dpits-cms\.venv\lib\site-packages\django\template\base.py", line 163, in _render
    return self.nodelist.render(context)
  File "g:\Python\Projects\dpits-cms\.venv\lib\site-packages\django\template\base.py", line 1016, in render
    return SafeString("".join([node.render_annotated(context) for node in self]))
  File "g:\Python\Projects\dpits-cms\.venv\lib\site-packages\django\template\base.py", line 1016, in <listcomp>
    return SafeString("".join([node.render_annotated(context) for node in self]))
  File "g:\Python\Projects\dpits-cms\.venv\lib\site-packages\django\template\base.py", line 977, in render_annotated
    return self.render(context)
  File "g:\Python\Projects\dpits-cms\.venv\lib\site-packages\django\template\defaulttags.py", line 320, in render
    match = condition.eval(context)
  File "g:\Python\Projects\dpits-cms\.venv\lib\site-packages\django\template\defaulttags.py", line 886, in eval
    return self.value.resolve(context, ignore_failures=True)
  File "g:\Python\Projects\dpits-cms\.venv\lib\site-packages\django\template\base.py", line 722, in resolve
    obj = self.var.resolve(context)
  File "g:\Python\Projects\dpits-cms\.venv\lib\site-packages\django\template\base.py", line 854, in resolve
    value = self._resolve_lookup(context)
  File "g:\Python\Projects\dpits-cms\.venv\lib\site-packages\django\template\base.py", line 891, in _resolve_lookup
    current = current[bit]
  File "g:\Python\Projects\dpits-cms\.venv\lib\site-packages\django\utils\functional.py", line 251, in inner
    self._setup()
  File "g:\Python\Projects\dpits-cms\.venv\lib\site-packages\django\utils\functional.py", line 404, in _setup
    self._wrapped = self._setupfunc()
  File "g:\Python\Projects\dpits-cms\.venv\lib\site-packages\django\contrib\auth\middleware.py", line 40, in <lambda>
    request.user = SimpleLazyObject(lambda: get_user(request))
  File "g:\Python\Projects\dpits-cms\.venv\lib\site-packages\django\contrib\auth\middleware.py", line 20, in get_user
    request._cached_user = auth.get_user(request)
  File "g:\Python\Projects\dpits-cms\.venv\lib\site-packages\django\contrib\auth\__init__.py", line 304, in get_user
    user_id = _get_user_session_key(request)
  File "g:\Python\Projects\dpits-cms\.venv\lib\site-packages\django\contrib\auth\__init__.py", line 95, in _get_user_session_key
    return get_user_model()._meta.pk.to_python(request.session[SESSION_KEY])
  File "g:\Python\Projects\dpits-cms\.venv\lib\site-packages\django\contrib\sessions\backends\base.py", line 55, in __getitem__
    return self._session[key]
  File "g:\Python\Projects\dpits-cms\.venv\lib\site-packages\django\contrib\sessions\backends\base.py", line 249, in _get_session
    self._session_cache = self.load()
  File "g:\Python\Projects\dpits-cms\.venv\lib\site-packages\django\contrib\sessions\backends\cached_db.py", line 46, in load
    self._cache.set(
  File "g:\Python\Projects\dpits-cms\.venv\lib\site-packages\django\core\cache\backends\redis.py", line 192, in set
    self._cache.set(key, value, self.get_backend_timeout(timeout))
  File "g:\Python\Projects\dpits-cms\.venv\lib\site-packages\django\core\cache\backends\redis.py", line 109, in set
    client.set(key, value, ex=timeout)
  File "g:\Python\Projects\dpits-cms\.venv\lib\site-packages\redis\commands\core.py", line 2305, in set
    return self.execute_command("SET", *pieces, **options)
  File "g:\Python\Projects\dpits-cms\.venv\lib\site-packages\redis\client.py", line 621, in execute_command
    return self._execute_command(*args, **options)
  File "g:\Python\Projects\dpits-cms\.venv\lib\site-packages\redis\client.py", line 627, in _execute_command
    conn = self.connection or pool.get_connection()
  File "g:\Python\Projects\dpits-cms\.venv\lib\site-packages\redis\utils.py", line 195, in wrapper
    return func(*args, **kwargs)
  File "g:\Python\Projects\dpits-cms\.venv\lib\site-packages\redis\connection.py", line 1533, in get_connection
    connection.connect()
  File "g:\Python\Projects\dpits-cms\.venv\lib\site-packages\redis\connection.py", line 380, in connect
    self.connect_check_health(check_health=True)
  File "g:\Python\Projects\dpits-cms\.venv\lib\site-packages\redis\connection.py", line 397, in connect_check_health
    raise ConnectionError(self._error_message(e))
redis.exceptions.ConnectionError: Error 10061 connecting to 127.0.0.1:6379. Подключение не установлено, т.к. конечный компьютер отверг запрос на подключение.
"GET / HTTP/1.1" 500 330059
G:\Python\Projects\dpits-cms\mysite\mysite\settings.py changed, reloading.
Watching for file changes with StatReloader
"GET / HTTP/1.1" 200 21356
"GET /static/css/base.css HTTP/1.1" 200 1498
"GET /static/css/components.css HTTP/1.1" 200 2033
"GET /static/js/main.js HTTP/1.1" 200 4464
"GET /static/css/pages.css HTTP/1.1" 200 2901
"GET /static/css/responsive.css HTTP/1.1" 200 2540
"GET /media/logos/cms_logo.png HTTP/1.1" 200 372188
"GET /portfolio/ HTTP/1.1" 200 14796
"GET /portfolio/orders/create/ HTTP/1.1" 200 17313
"GET /portfolio/ HTTP/1.1" 200 14796
"GET /portfolio/orders/create/ HTTP/1.1" 200 17313
