Лог-файл ошибок очищен: 2025-12-13 16:12:19
2025-12-17 15:00:31 [ERROR] django.request:253 log_response() | Internal Server Error: /accounts/login/
Traceback (most recent call last):
  File "l:\PYTHON\PROJECTS\dpits-cms\.venv\Lib\site-packages\django\template\defaulttags.py", line 1035, in find_library
    return parser.libraries[name]
           ~~~~~~~~~~~~~~~~^^^^^^
KeyError: 'captcha'

During handling of the above exception, another exception occurred:

Traceback (most recent call last):
  File "l:\PYTHON\PROJECTS\dpits-cms\.venv\Lib\site-packages\django\core\handlers\exception.py", line 55, in inner
    response = get_response(request)
               ^^^^^^^^^^^^^^^^^^^^^
  File "l:\PYTHON\PROJECTS\dpits-cms\.venv\Lib\site-packages\django\core\handlers\base.py", line 220, in _get_response
    response = response.render()
               ^^^^^^^^^^^^^^^^^
  File "l:\PYTHON\PROJECTS\dpits-cms\.venv\Lib\site-packages\django\template\response.py", line 114, in render
    self.content = self.rendered_content
                   ^^^^^^^^^^^^^^^^^^^^^
  File "l:\PYTHON\PROJECTS\dpits-cms\.venv\Lib\site-packages\django\template\response.py", line 90, in rendered_content
    template = self.resolve_template(self.template_name)
               ^^^^^^^^^^^^^^^^^^^^^^^^^^^^^^^^^^^^^^^^^
  File "l:\PYTHON\PROJECTS\dpits-cms\.venv\Lib\site-packages\django\template\response.py", line 72, in resolve_template
    return select_template(template, using=self.using)
           ^^^^^^^^^^^^^^^^^^^^^^^^^^^^^^^^^^^^^^^^^^^
  File "l:\PYTHON\PROJECTS\dpits-cms\.venv\Lib\site-packages\django\template\loader.py", line 42, in select_template
    return engine.get_template(template_name)
           ^^^^^^^^^^^^^^^^^^^^^^^^^^^^^^^^^^
  File "l:\PYTHON\PROJECTS\dpits-cms\.venv\Lib\site-packages\django\template\backends\django.py", line 79, in get_template
    return Template(self.engine.get_template(template_name), self)
                    ^^^^^^^^^^^^^^^^^^^^^^^^^^^^^^^^^^^^^^^
  File "l:\PYTHON\PROJECTS\dpits-cms\.venv\Lib\site-packages\django\template\engine.py", line 177, in get_template
    template, origin = self.find_template(template_name)
                       ^^^^^^^^^^^^^^^^^^^^^^^^^^^^^^^^^
  File "l:\PYTHON\PROJECTS\dpits-cms\.venv\Lib\site-packages\django\template\engine.py", line 159, in find_template
    template = loader.get_template(name, skip=skip)
               ^^^^^^^^^^^^^^^^^^^^^^^^^^^^^^^^^^^^
  File "l:\PYTHON\PROJECTS\dpits-cms\.venv\Lib\site-packages\django\template\loaders\cached.py", line 57, in get_template
    template = super().get_template(template_name, skip)
               ^^^^^^^^^^^^^^^^^^^^^^^^^^^^^^^^^^^^^^^^^
  File "l:\PYTHON\PROJECTS\dpits-cms\.venv\Lib\site-packages\django\template\loaders\base.py", line 28, in get_template
    return Template(
           ^^^^^^^^^
  File "l:\PYTHON\PROJECTS\dpits-cms\.venv\Lib\site-packages\django\template\base.py", line 154, in __init__
    self.nodelist = self.compile_nodelist()
                    ^^^^^^^^^^^^^^^^^^^^^^^
  File "l:\PYTHON\PROJECTS\dpits-cms\.venv\Lib\site-packages\django\template\base.py", line 196, in compile_nodelist
    nodelist = parser.parse()
               ^^^^^^^^^^^^^^
  File "l:\PYTHON\PROJECTS\dpits-cms\.venv\Lib\site-packages\django\template\base.py", line 518, in parse
    raise self.error(token, e)
  File "l:\PYTHON\PROJECTS\dpits-cms\.venv\Lib\site-packages\django\template\base.py", line 516, in parse
    compiled_result = compile_func(self, token)
                      ^^^^^^^^^^^^^^^^^^^^^^^^^
  File "l:\PYTHON\PROJECTS\dpits-cms\.venv\Lib\site-packages\django\template\loader_tags.py", line 299, in do_extends
    nodelist = parser.parse()
               ^^^^^^^^^^^^^^
  File "l:\PYTHON\PROJECTS\dpits-cms\.venv\Lib\site-packages\django\template\base.py", line 518, in parse
    raise self.error(token, e)
  File "l:\PYTHON\PROJECTS\dpits-cms\.venv\Lib\site-packages\django\template\base.py", line 516, in parse
    compiled_result = compile_func(self, token)
                      ^^^^^^^^^^^^^^^^^^^^^^^^^
  File "l:\PYTHON\PROJECTS\dpits-cms\.venv\Lib\site-packages\django\template\defaulttags.py", line 1097, in load
    lib = find_library(parser, name)
          ^^^^^^^^^^^^^^^^^^^^^^^^^^
  File "l:\PYTHON\PROJECTS\dpits-cms\.venv\Lib\site-packages\django\template\defaulttags.py", line 1037, in find_library
    raise TemplateSyntaxError(
django.template.exceptions.TemplateSyntaxError: 'captcha' is not a registered tag library. Must be one of:
admin_list
admin_modify
admin_urls
cache
i18n
jazzmin
l10n
log
static
tz
2025-12-17 15:00:31 [ERROR] django.server:213 log_message() | "GET /accounts/login/ HTTP/1.1" 500 239594
2025-12-17 22:16:15 [ERROR] django.server:193 log_message() | You're accessing the development server over HTTPS, but it only supports HTTP.
2025-12-17 22:16:15 [ERROR] django.server:193 log_message() | You're accessing the development server over HTTPS, but it only supports HTTP.
2025-12-17 22:16:16 [ERROR] django.server:193 log_message() | You're accessing the development server over HTTPS, but it only supports HTTP.
2025-12-17 22:16:16 [ERROR] django.server:193 log_message() | You're accessing the development server over HTTPS, but it only supports HTTP.
2025-12-17 22:16:16 [ERROR] django.server:193 log_message() | You're accessing the development server over HTTPS, but it only supports HTTP.
2025-12-17 22:16:16 [ERROR] django.server:193 log_message() | You're accessing the development server over HTTPS, but it only supports HTTP.
2025-12-17 22:16:17 [ERROR] django.server:193 log_message() | You're accessing the development server over HTTPS, but it only supports HTTP.
2025-12-17 22:16:17 [ERROR] django.server:193 log_message() | You're accessing the development server over HTTPS, but it only supports HTTP.
2025-12-17 22:16:17 [ERROR] django.server:193 log_message() | You're accessing the development server over HTTPS, but it only supports HTTP.
2025-12-17 22:16:17 [ERROR] django.server:193 log_message() | You're accessing the development server over HTTPS, but it only supports HTTP.
2025-12-17 22:16:18 [ERROR] django.server:193 log_message() | You're accessing the development server over HTTPS, but it only supports HTTP.
2025-12-17 22:16:18 [ERROR] django.server:193 log_message() | You're accessing the development server over HTTPS, but it only supports HTTP.
2025-12-17 22:16:18 [ERROR] django.server:193 log_message() | You're accessing the development server over HTTPS, but it only supports HTTP.
2025-12-17 22:16:18 [ERROR] django.server:193 log_message() | You're accessing the development server over HTTPS, but it only supports HTTP.
2025-12-17 22:16:23 [ERROR] django.server:193 log_message() | You're accessing the development server over HTTPS, but it only supports HTTP.
2025-12-17 22:16:23 [ERROR] django.server:193 log_message() | You're accessing the development server over HTTPS, but it only supports HTTP.
2025-12-17 22:16:23 [ERROR] django.server:193 log_message() | You're accessing the development server over HTTPS, but it only supports HTTP.
2025-12-17 22:16:23 [ERROR] django.server:193 log_message() | You're accessing the development server over HTTPS, but it only supports HTTP.
2025-12-17 22:16:53 [ERROR] django.server:193 log_message() | You're accessing the development server over HTTPS, but it only supports HTTP.
2025-12-17 22:16:53 [ERROR] django.server:193 log_message() | You're accessing the development server over HTTPS, but it only supports HTTP.
2025-12-17 22:16:53 [ERROR] django.server:193 log_message() | You're accessing the development server over HTTPS, but it only supports HTTP.
2025-12-17 22:16:53 [ERROR] django.server:193 log_message() | You're accessing the development server over HTTPS, but it only supports HTTP.
2025-12-17 22:17:53 [ERROR] django.server:193 log_message() | You're accessing the development server over HTTPS, but it only supports HTTP.
2025-12-17 22:17:53 [ERROR] django.server:193 log_message() | You're accessing the development server over HTTPS, but it only supports HTTP.
2025-12-17 22:17:53 [ERROR] django.server:193 log_message() | You're accessing the development server over HTTPS, but it only supports HTTP.
2025-12-17 22:17:53 [ERROR] django.server:193 log_message() | You're accessing the development server over HTTPS, but it only supports HTTP.
2025-12-17 22:18:09 [ERROR] django.server:193 log_message() | You're accessing the development server over HTTPS, but it only supports HTTP.
2025-12-17 22:18:09 [ERROR] django.server:193 log_message() | You're accessing the development server over HTTPS, but it only supports HTTP.
2025-12-17 22:18:09 [ERROR] django.server:193 log_message() | You're accessing the development server over HTTPS, but it only supports HTTP.
2025-12-17 22:18:09 [ERROR] django.server:193 log_message() | You're accessing the development server over HTTPS, but it only supports HTTP.
2025-12-17 22:18:13 [ERROR] django.server:193 log_message() | You're accessing the development server over HTTPS, but it only supports HTTP.
2025-12-17 22:18:13 [ERROR] django.server:193 log_message() | You're accessing the development server over HTTPS, but it only supports HTTP.
2025-12-17 22:18:13 [ERROR] django.server:193 log_message() | You're accessing the development server over HTTPS, but it only supports HTTP.
2025-12-17 22:18:13 [ERROR] django.server:193 log_message() | You're accessing the development server over HTTPS, but it only supports HTTP.
2025-12-17 22:18:13 [ERROR] django.server:193 log_message() | You're accessing the development server over HTTPS, but it only supports HTTP.
2025-12-17 22:18:13 [ERROR] django.server:193 log_message() | You're accessing the development server over HTTPS, but it only supports HTTP.
2025-12-17 22:18:33 [ERROR] django.server:193 log_message() | You're accessing the development server over HTTPS, but it only supports HTTP.
2025-12-17 22:18:33 [ERROR] django.server:193 log_message() | You're accessing the development server over HTTPS, but it only supports HTTP.
2025-12-17 22:18:33 [ERROR] django.server:193 log_message() | You're accessing the development server over HTTPS, but it only supports HTTP.
2025-12-17 22:18:33 [ERROR] django.server:193 log_message() | You're accessing the development server over HTTPS, but it only supports HTTP.
2025-12-17 22:18:34 [ERROR] django.server:193 log_message() | You're accessing the development server over HTTPS, but it only supports HTTP.
2025-12-17 22:18:34 [ERROR] django.server:193 log_message() | You're accessing the development server over HTTPS, but it only supports HTTP.
2025-12-17 22:18:34 [ERROR] django.server:193 log_message() | You're accessing the development server over HTTPS, but it only supports HTTP.
2025-12-17 22:18:34 [ERROR] django.server:193 log_message() | You're accessing the development server over HTTPS, but it only supports HTTP.
2025-12-17 22:18:35 [ERROR] django.server:193 log_message() | You're accessing the development server over HTTPS, but it only supports HTTP.
2025-12-17 22:18:35 [ERROR] django.server:193 log_message() | You're accessing the development server over HTTPS, but it only supports HTTP.
2025-12-17 22:18:35 [ERROR] django.server:193 log_message() | You're accessing the development server over HTTPS, but it only supports HTTP.
2025-12-17 22:18:35 [ERROR] django.server:193 log_message() | You're accessing the development server over HTTPS, but it only supports HTTP.
2025-12-17 22:18:41 [ERROR] django.server:193 log_message() | You're accessing the development server over HTTPS, but it only supports HTTP.
2025-12-17 22:18:41 [ERROR] django.server:193 log_message() | You're accessing the development server over HTTPS, but it only supports HTTP.
2025-12-17 22:18:42 [ERROR] django.server:193 log_message() | You're accessing the development server over HTTPS, but it only supports HTTP.
2025-12-17 22:18:42 [ERROR] django.server:193 log_message() | You're accessing the development server over HTTPS, but it only supports HTTP.
2025-12-17 22:18:42 [ERROR] django.server:193 log_message() | You're accessing the development server over HTTPS, but it only supports HTTP.
2025-12-17 22:18:42 [ERROR] django.server:193 log_message() | You're accessing the development server over HTTPS, but it only supports HTTP.
2025-12-17 22:18:47 [ERROR] django.server:193 log_message() | You're accessing the development server over HTTPS, but it only supports HTTP.
2025-12-17 22:18:47 [ERROR] django.server:193 log_message() | You're accessing the development server over HTTPS, but it only supports HTTP.
2025-12-17 22:18:47 [ERROR] django.server:193 log_message() | You're accessing the development server over HTTPS, but it only supports HTTP.
2025-12-17 22:18:47 [ERROR] django.server:193 log_message() | You're accessing the development server over HTTPS, but it only supports HTTP.
2025-12-17 22:19:17 [ERROR] django.server:193 log_message() | You're accessing the development server over HTTPS, but it only supports HTTP.
2025-12-17 22:19:17 [ERROR] django.server:193 log_message() | You're accessing the development server over HTTPS, but it only supports HTTP.
2025-12-17 22:19:17 [ERROR] django.server:193 log_message() | You're accessing the development server over HTTPS, but it only supports HTTP.
2025-12-17 22:19:17 [ERROR] django.server:193 log_message() | You're accessing the development server over HTTPS, but it only supports HTTP.
2025-12-17 22:19:47 [ERROR] django.server:193 log_message() | You're accessing the development server over HTTPS, but it only supports HTTP.
2025-12-17 22:19:47 [ERROR] django.server:193 log_message() | You're accessing the development server over HTTPS, but it only supports HTTP.
2025-12-17 22:19:47 [ERROR] django.server:193 log_message() | You're accessing the development server over HTTPS, but it only supports HTTP.
2025-12-17 22:19:47 [ERROR] django.server:193 log_message() | You're accessing the development server over HTTPS, but it only supports HTTP.
2025-12-17 22:20:47 [ERROR] django.server:193 log_message() | You're accessing the development server over HTTPS, but it only supports HTTP.
2025-12-17 22:20:47 [ERROR] django.server:193 log_message() | You're accessing the development server over HTTPS, but it only supports HTTP.
2025-12-17 22:20:47 [ERROR] django.server:193 log_message() | You're accessing the development server over HTTPS, but it only supports HTTP.
2025-12-17 22:20:47 [ERROR] django.server:193 log_message() | You're accessing the development server over HTTPS, but it only supports HTTP.
2025-12-17 22:21:26 [ERROR] django.server:193 log_message() | You're accessing the development server over HTTPS, but it only supports HTTP.
2025-12-17 22:21:26 [ERROR] django.server:193 log_message() | You're accessing the development server over HTTPS, but it only supports HTTP.
2025-12-17 22:21:26 [ERROR] django.server:193 log_message() | You're accessing the development server over HTTPS, but it only supports HTTP.
2025-12-17 22:21:26 [ERROR] django.server:193 log_message() | You're accessing the development server over HTTPS, but it only supports HTTP.
2025-12-17 22:21:27 [ERROR] django.server:193 log_message() | You're accessing the development server over HTTPS, but it only supports HTTP.
2025-12-17 22:21:27 [ERROR] django.server:193 log_message() | You're accessing the development server over HTTPS, but it only supports HTTP.
2025-12-17 22:21:27 [ERROR] django.server:193 log_message() | You're accessing the development server over HTTPS, but it only supports HTTP.
2025-12-17 22:21:27 [ERROR] django.server:193 log_message() | You're accessing the development server over HTTPS, but it only supports HTTP.
2025-12-17 22:21:58 [ERROR] django.server:193 log_message() | You're accessing the development server over HTTPS, but it only supports HTTP.
2025-12-17 22:21:58 [ERROR] django.server:193 log_message() | You're accessing the development server over HTTPS, but it only supports HTTP.
2025-12-17 22:21:58 [ERROR] django.server:193 log_message() | You're accessing the development server over HTTPS, but it only supports HTTP.
2025-12-17 22:21:58 [ERROR] django.server:193 log_message() | You're accessing the development server over HTTPS, but it only supports HTTP.
2025-12-17 22:21:59 [ERROR] django.server:193 log_message() | You're accessing the development server over HTTPS, but it only supports HTTP.
2025-12-17 22:21:59 [ERROR] django.server:193 log_message() | You're accessing the development server over HTTPS, but it only supports HTTP.
2025-12-17 22:21:59 [ERROR] django.server:193 log_message() | You're accessing the development server over HTTPS, but it only supports HTTP.
2025-12-17 22:21:59 [ERROR] django.server:193 log_message() | You're accessing the development server over HTTPS, but it only supports HTTP.
2025-12-17 22:22:10 [ERROR] django.server:193 log_message() | You're accessing the development server over HTTPS, but it only supports HTTP.
2025-12-17 22:22:10 [ERROR] django.server:193 log_message() | You're accessing the development server over HTTPS, but it only supports HTTP.
2025-12-17 22:22:10 [ERROR] django.server:193 log_message() | You're accessing the development server over HTTPS, but it only supports HTTP.
2025-12-17 22:22:10 [ERROR] django.server:193 log_message() | You're accessing the development server over HTTPS, but it only supports HTTP.
2025-12-17 22:22:24 [ERROR] django.server:193 log_message() | You're accessing the development server over HTTPS, but it only supports HTTP.
2025-12-17 22:22:24 [ERROR] django.server:193 log_message() | You're accessing the development server over HTTPS, but it only supports HTTP.
2025-12-17 22:22:24 [ERROR] django.server:193 log_message() | You're accessing the development server over HTTPS, but it only supports HTTP.
2025-12-17 22:22:24 [ERROR] django.server:193 log_message() | You're accessing the development server over HTTPS, but it only supports HTTP.
2025-12-17 22:22:56 [ERROR] django.server:193 log_message() | You're accessing the development server over HTTPS, but it only supports HTTP.
2025-12-17 22:22:56 [ERROR] django.server:193 log_message() | You're accessing the development server over HTTPS, but it only supports HTTP.
2025-12-17 22:22:56 [ERROR] django.server:193 log_message() | You're accessing the development server over HTTPS, but it only supports HTTP.
2025-12-17 22:22:56 [ERROR] django.server:193 log_message() | You're accessing the development server over HTTPS, but it only supports HTTP.
2025-12-17 22:23:17 [ERROR] django.server:193 log_message() | You're accessing the development server over HTTPS, but it only supports HTTP.
2025-12-17 22:23:17 [ERROR] django.server:193 log_message() | You're accessing the development server over HTTPS, but it only supports HTTP.
2025-12-17 22:23:17 [ERROR] django.server:193 log_message() | You're accessing the development server over HTTPS, but it only supports HTTP.
2025-12-17 22:23:17 [ERROR] django.server:193 log_message() | You're accessing the development server over HTTPS, but it only supports HTTP.
2025-12-17 22:23:18 [ERROR] django.server:193 log_message() | You're accessing the development server over HTTPS, but it only supports HTTP.
2025-12-17 22:23:18 [ERROR] django.server:193 log_message() | You're accessing the development server over HTTPS, but it only supports HTTP.
2025-12-17 22:23:18 [ERROR] django.server:193 log_message() | You're accessing the development server over HTTPS, but it only supports HTTP.
2025-12-17 22:23:18 [ERROR] django.server:193 log_message() | You're accessing the development server over HTTPS, but it only supports HTTP.
2025-12-17 22:25:04 [ERROR] django.server:193 log_message() | You're accessing the development server over HTTPS, but it only supports HTTP.
2025-12-17 22:25:04 [ERROR] django.server:193 log_message() | You're accessing the development server over HTTPS, but it only supports HTTP.
2025-12-17 22:25:04 [ERROR] django.server:193 log_message() | You're accessing the development server over HTTPS, but it only supports HTTP.
2025-12-17 22:25:04 [ERROR] django.server:193 log_message() | You're accessing the development server over HTTPS, but it only supports HTTP.
2025-12-17 22:27:17 [ERROR] django.server:193 log_message() | You're accessing the development server over HTTPS, but it only supports HTTP.
2025-12-17 22:27:17 [ERROR] django.server:193 log_message() | You're accessing the development server over HTTPS, but it only supports HTTP.
2025-12-17 22:27:17 [ERROR] django.server:193 log_message() | You're accessing the development server over HTTPS, but it only supports HTTP.
2025-12-17 22:27:17 [ERROR] django.server:193 log_message() | You're accessing the development server over HTTPS, but it only supports HTTP.
2025-12-17 22:28:10 [ERROR] django.server:193 log_message() | You're accessing the development server over HTTPS, but it only supports HTTP.
2025-12-17 22:28:10 [ERROR] django.server:193 log_message() | You're accessing the development server over HTTPS, but it only supports HTTP.
2025-12-17 22:28:10 [ERROR] django.server:193 log_message() | You're accessing the development server over HTTPS, but it only supports HTTP.
2025-12-17 22:28:10 [ERROR] django.server:193 log_message() | You're accessing the development server over HTTPS, but it only supports HTTP.
2025-12-17 22:28:13 [ERROR] django.server:193 log_message() | You're accessing the development server over HTTPS, but it only supports HTTP.
2025-12-17 22:28:13 [ERROR] django.server:193 log_message() | You're accessing the development server over HTTPS, but it only supports HTTP.
2025-12-17 22:28:14 [ERROR] django.server:193 log_message() | You're accessing the development server over HTTPS, but it only supports HTTP.
2025-12-17 22:28:14 [ERROR] django.server:193 log_message() | You're accessing the development server over HTTPS, but it only supports HTTP.
2025-12-17 22:28:14 [ERROR] django.server:193 log_message() | You're accessing the development server over HTTPS, but it only supports HTTP.
2025-12-17 22:28:14 [ERROR] django.server:193 log_message() | You're accessing the development server over HTTPS, but it only supports HTTP.
2025-12-17 22:28:20 [ERROR] django.server:193 log_message() | You're accessing the development server over HTTPS, but it only supports HTTP.
2025-12-17 22:28:20 [ERROR] django.server:193 log_message() | You're accessing the development server over HTTPS, but it only supports HTTP.
2025-12-17 22:28:20 [ERROR] django.server:193 log_message() | You're accessing the development server over HTTPS, but it only supports HTTP.
2025-12-17 22:28:20 [ERROR] django.server:193 log_message() | You're accessing the development server over HTTPS, but it only supports HTTP.
2025-12-17 22:28:20 [ERROR] django.server:193 log_message() | You're accessing the development server over HTTPS, but it only supports HTTP.
2025-12-17 22:28:20 [ERROR] django.server:193 log_message() | You're accessing the development server over HTTPS, but it only supports HTTP.
2025-12-17 22:28:20 [ERROR] django.server:193 log_message() | You're accessing the development server over HTTPS, but it only supports HTTP.
2025-12-17 22:28:20 [ERROR] django.server:193 log_message() | You're accessing the development server over HTTPS, but it only supports HTTP.
2025-12-17 22:28:21 [ERROR] django.server:193 log_message() | You're accessing the development server over HTTPS, but it only supports HTTP.
2025-12-17 22:28:21 [ERROR] django.server:193 log_message() | You're accessing the development server over HTTPS, but it only supports HTTP.
2025-12-17 22:28:21 [ERROR] django.server:193 log_message() | You're accessing the development server over HTTPS, but it only supports HTTP.
2025-12-17 22:28:21 [ERROR] django.server:193 log_message() | You're accessing the development server over HTTPS, but it only supports HTTP.
2025-12-17 22:29:56 [ERROR] django.request:253 log_response() | Internal Server Error: /
Traceback (most recent call last):
  File "L:\PYTHON\PROJECTS\dpits-cms\.venv\Lib\site-packages\redis\connection.py", line 389, in connect_check_health
    sock = self.retry.call_with_retry(
           ^^^^^^^^^^^^^^^^^^^^^^^^^^^
  File "L:\PYTHON\PROJECTS\dpits-cms\.venv\Lib\site-packages\redis\retry.py", line 105, in call_with_retry
    return do()
           ^^^^
  File "L:\PYTHON\PROJECTS\dpits-cms\.venv\Lib\site-packages\redis\connection.py", line 390, in <lambda>
    lambda: self._connect(), lambda error: self.disconnect(error)
            ^^^^^^^^^^^^^^^
  File "L:\PYTHON\PROJECTS\dpits-cms\.venv\Lib\site-packages\redis\connection.py", line 803, in _connect
    raise err
  File "L:\PYTHON\PROJECTS\dpits-cms\.venv\Lib\site-packages\redis\connection.py", line 787, in _connect
    sock.connect(socket_address)
ConnectionRefusedError: [WinError 10061] Подключение не установлено, т.к. конечный компьютер отверг запрос на подключение

During handling of the above exception, another exception occurred:

Traceback (most recent call last):
  File "L:\PYTHON\PROJECTS\dpits-cms\.venv\Lib\site-packages\django\core\handlers\exception.py", line 55, in inner
    response = get_response(request)
               ^^^^^^^^^^^^^^^^^^^^^
  File "L:\PYTHON\PROJECTS\dpits-cms\.venv\Lib\site-packages\django\core\handlers\base.py", line 197, in _get_response
    response = wrapped_callback(request, *callback_args, **callback_kwargs)
               ^^^^^^^^^^^^^^^^^^^^^^^^^^^^^^^^^^^^^^^^^^^^^^^^^^^^^^^^^^^^
  File "L:\PYTHON\PROJECTS\dpits-cms\.venv\Lib\site-packages\django\views\generic\base.py", line 105, in view
    return self.dispatch(request, *args, **kwargs)
           ^^^^^^^^^^^^^^^^^^^^^^^^^^^^^^^^^^^^^^^
  File "L:\PYTHON\PROJECTS\dpits-cms\.venv\Lib\site-packages\django\utils\decorators.py", line 48, in _wrapper
    return bound_method(*args, **kwargs)
           ^^^^^^^^^^^^^^^^^^^^^^^^^^^^^
  File "L:\PYTHON\PROJECTS\dpits-cms\.venv\Lib\site-packages\django\utils\decorators.py", line 185, in _view_wrapper
    result = _pre_process_request(request, *args, **kwargs)
             ^^^^^^^^^^^^^^^^^^^^^^^^^^^^^^^^^^^^^^^^^^^^^^
  File "L:\PYTHON\PROJECTS\dpits-cms\.venv\Lib\site-packages\django\utils\decorators.py", line 131, in _pre_process_request
    result = middleware.process_request(request)
             ^^^^^^^^^^^^^^^^^^^^^^^^^^^^^^^^^^^
  File "L:\PYTHON\PROJECTS\dpits-cms\.venv\Lib\site-packages\django\middleware\cache.py", line 161, in process_request
    cache_key = get_cache_key(request, self.key_prefix, "GET", cache=self.cache)
                ^^^^^^^^^^^^^^^^^^^^^^^^^^^^^^^^^^^^^^^^^^^^^^^^^^^^^^^^^^^^^^^^
  File "L:\PYTHON\PROJECTS\dpits-cms\.venv\Lib\site-packages\django\utils\cache.py", line 392, in get_cache_key
    headerlist = cache.get(cache_key)
                 ^^^^^^^^^^^^^^^^^^^^
  File "L:\PYTHON\PROJECTS\dpits-cms\.venv\Lib\site-packages\django\core\cache\backends\redis.py", line 188, in get
    return self._cache.get(key, default)
           ^^^^^^^^^^^^^^^^^^^^^^^^^^^^^
  File "L:\PYTHON\PROJECTS\dpits-cms\.venv\Lib\site-packages\django\core\cache\backends\redis.py", line 100, in get
    value = client.get(key)
            ^^^^^^^^^^^^^^^
  File "L:\PYTHON\PROJECTS\dpits-cms\.venv\Lib\site-packages\redis\commands\core.py", line 1829, in get
    return self.execute_command("GET", name, keys=[name])
           ^^^^^^^^^^^^^^^^^^^^^^^^^^^^^^^^^^^^^^^^^^^^^^
  File "L:\PYTHON\PROJECTS\dpits-cms\.venv\Lib\site-packages\redis\client.py", line 621, in execute_command
    return self._execute_command(*args, **options)
           ^^^^^^^^^^^^^^^^^^^^^^^^^^^^^^^^^^^^^^^
  File "L:\PYTHON\PROJECTS\dpits-cms\.venv\Lib\site-packages\redis\client.py", line 627, in _execute_command
    conn = self.connection or pool.get_connection()
                              ^^^^^^^^^^^^^^^^^^^^^
  File "L:\PYTHON\PROJECTS\dpits-cms\.venv\Lib\site-packages\redis\utils.py", line 195, in wrapper
    return func(*args, **kwargs)
           ^^^^^^^^^^^^^^^^^^^^^
  File "L:\PYTHON\PROJECTS\dpits-cms\.venv\Lib\site-packages\redis\connection.py", line 1533, in get_connection
    connection.connect()
  File "L:\PYTHON\PROJECTS\dpits-cms\.venv\Lib\site-packages\redis\connection.py", line 380, in connect
    self.connect_check_health(check_health=True)
  File "L:\PYTHON\PROJECTS\dpits-cms\.venv\Lib\site-packages\redis\connection.py", line 397, in connect_check_health
    raise ConnectionError(self._error_message(e))
redis.exceptions.ConnectionError: Error 10061 connecting to 127.0.0.1:6379. Подключение не установлено, т.к. конечный компьютер отверг запрос на подключение.
2025-12-17 22:29:56 [ERROR] django.server:213 log_message() | "GET / HTTP/1.1" 500 182970
2025-12-17 22:30:24 [ERROR] django.request:253 log_response() | Internal Server Error: /
Traceback (most recent call last):
  File "L:\PYTHON\PROJECTS\dpits-cms\.venv\Lib\site-packages\redis\connection.py", line 389, in connect_check_health
    sock = self.retry.call_with_retry(
           ^^^^^^^^^^^^^^^^^^^^^^^^^^^
  File "L:\PYTHON\PROJECTS\dpits-cms\.venv\Lib\site-packages\redis\retry.py", line 105, in call_with_retry
    return do()
           ^^^^
  File "L:\PYTHON\PROJECTS\dpits-cms\.venv\Lib\site-packages\redis\connection.py", line 390, in <lambda>
    lambda: self._connect(), lambda error: self.disconnect(error)
            ^^^^^^^^^^^^^^^
  File "L:\PYTHON\PROJECTS\dpits-cms\.venv\Lib\site-packages\redis\connection.py", line 803, in _connect
    raise err
  File "L:\PYTHON\PROJECTS\dpits-cms\.venv\Lib\site-packages\redis\connection.py", line 787, in _connect
    sock.connect(socket_address)
ConnectionRefusedError: [WinError 10061] Подключение не установлено, т.к. конечный компьютер отверг запрос на подключение

During handling of the above exception, another exception occurred:

Traceback (most recent call last):
  File "L:\PYTHON\PROJECTS\dpits-cms\.venv\Lib\site-packages\django\core\handlers\exception.py", line 55, in inner
    response = get_response(request)
               ^^^^^^^^^^^^^^^^^^^^^
  File "L:\PYTHON\PROJECTS\dpits-cms\.venv\Lib\site-packages\django\core\handlers\base.py", line 197, in _get_response
    response = wrapped_callback(request, *callback_args, **callback_kwargs)
               ^^^^^^^^^^^^^^^^^^^^^^^^^^^^^^^^^^^^^^^^^^^^^^^^^^^^^^^^^^^^
  File "L:\PYTHON\PROJECTS\dpits-cms\.venv\Lib\site-packages\django\views\generic\base.py", line 105, in view
    return self.dispatch(request, *args, **kwargs)
           ^^^^^^^^^^^^^^^^^^^^^^^^^^^^^^^^^^^^^^^
  File "L:\PYTHON\PROJECTS\dpits-cms\.venv\Lib\site-packages\django\utils\decorators.py", line 48, in _wrapper
    return bound_method(*args, **kwargs)
           ^^^^^^^^^^^^^^^^^^^^^^^^^^^^^
  File "L:\PYTHON\PROJECTS\dpits-cms\.venv\Lib\site-packages\django\utils\decorators.py", line 185, in _view_wrapper
    result = _pre_process_request(request, *args, **kwargs)
             ^^^^^^^^^^^^^^^^^^^^^^^^^^^^^^^^^^^^^^^^^^^^^^
  File "L:\PYTHON\PROJECTS\dpits-cms\.venv\Lib\site-packages\django\utils\decorators.py", line 131, in _pre_process_request
    result = middleware.process_request(request)
             ^^^^^^^^^^^^^^^^^^^^^^^^^^^^^^^^^^^
  File "L:\PYTHON\PROJECTS\dpits-cms\.venv\Lib\site-packages\django\middleware\cache.py", line 161, in process_request
    cache_key = get_cache_key(request, self.key_prefix, "GET", cache=self.cache)
                ^^^^^^^^^^^^^^^^^^^^^^^^^^^^^^^^^^^^^^^^^^^^^^^^^^^^^^^^^^^^^^^^
  File "L:\PYTHON\PROJECTS\dpits-cms\.venv\Lib\site-packages\django\utils\cache.py", line 392, in get_cache_key
    headerlist = cache.get(cache_key)
                 ^^^^^^^^^^^^^^^^^^^^
  File "L:\PYTHON\PROJECTS\dpits-cms\.venv\Lib\site-packages\django\core\cache\backends\redis.py", line 188, in get
    return self._cache.get(key, default)
           ^^^^^^^^^^^^^^^^^^^^^^^^^^^^^
  File "L:\PYTHON\PROJECTS\dpits-cms\.venv\Lib\site-packages\django\core\cache\backends\redis.py", line 100, in get
    value = client.get(key)
            ^^^^^^^^^^^^^^^
  File "L:\PYTHON\PROJECTS\dpits-cms\.venv\Lib\site-packages\redis\commands\core.py", line 1829, in get
    return self.execute_command("GET", name, keys=[name])
           ^^^^^^^^^^^^^^^^^^^^^^^^^^^^^^^^^^^^^^^^^^^^^^
  File "L:\PYTHON\PROJECTS\dpits-cms\.venv\Lib\site-packages\redis\client.py", line 621, in execute_command
    return self._execute_command(*args, **options)
           ^^^^^^^^^^^^^^^^^^^^^^^^^^^^^^^^^^^^^^^
  File "L:\PYTHON\PROJECTS\dpits-cms\.venv\Lib\site-packages\redis\client.py", line 627, in _execute_command
    conn = self.connection or pool.get_connection()
                              ^^^^^^^^^^^^^^^^^^^^^
  File "L:\PYTHON\PROJECTS\dpits-cms\.venv\Lib\site-packages\redis\utils.py", line 195, in wrapper
    return func(*args, **kwargs)
           ^^^^^^^^^^^^^^^^^^^^^
  File "L:\PYTHON\PROJECTS\dpits-cms\.venv\Lib\site-packages\redis\connection.py", line 1533, in get_connection
    connection.connect()
  File "L:\PYTHON\PROJECTS\dpits-cms\.venv\Lib\site-packages\redis\connection.py", line 380, in connect
    self.connect_check_health(check_health=True)
  File "L:\PYTHON\PROJECTS\dpits-cms\.venv\Lib\site-packages\redis\connection.py", line 397, in connect_check_health
    raise ConnectionError(self._error_message(e))
redis.exceptions.ConnectionError: Error 10061 connecting to 127.0.0.1:6379. Подключение не установлено, т.к. конечный компьютер отверг запрос на подключение.
2025-12-17 22:30:24 [ERROR] django.server:213 log_message() | "GET / HTTP/1.1" 500 182970
2025-12-17 22:31:09 [ERROR] django.server:193 log_message() | You're accessing the development server over HTTPS, but it only supports HTTP.
2025-12-17 22:31:09 [ERROR] django.server:193 log_message() | You're accessing the development server over HTTPS, but it only supports HTTP.
2025-12-17 22:31:09 [ERROR] django.server:193 log_message() | You're accessing the development server over HTTPS, but it only supports HTTP.
2025-12-17 22:31:09 [ERROR] django.server:193 log_message() | You're accessing the development server over HTTPS, but it only supports HTTP.
2025-12-17 22:31:10 [ERROR] django.server:193 log_message() | You're accessing the development server over HTTPS, but it only supports HTTP.
2025-12-17 22:31:10 [ERROR] django.server:193 log_message() | You're accessing the development server over HTTPS, but it only supports HTTP.
2025-12-17 22:31:10 [ERROR] django.server:193 log_message() | You're accessing the development server over HTTPS, but it only supports HTTP.
2025-12-17 22:31:10 [ERROR] django.server:193 log_message() | You're accessing the development server over HTTPS, but it only supports HTTP.
2025-12-17 22:31:15 [ERROR] django.server:193 log_message() | You're accessing the development server over HTTPS, but it only supports HTTP.
2025-12-17 22:31:15 [ERROR] django.server:193 log_message() | You're accessing the development server over HTTPS, but it only supports HTTP.
2025-12-17 22:31:15 [ERROR] django.server:193 log_message() | You're accessing the development server over HTTPS, but it only supports HTTP.
2025-12-17 22:31:15 [ERROR] django.server:193 log_message() | You're accessing the development server over HTTPS, but it only supports HTTP.
2025-12-17 22:31:45 [ERROR] django.server:193 log_message() | You're accessing the development server over HTTPS, but it only supports HTTP.
2025-12-17 22:31:45 [ERROR] django.server:193 log_message() | You're accessing the development server over HTTPS, but it only supports HTTP.
2025-12-17 22:31:45 [ERROR] django.server:193 log_message() | You're accessing the development server over HTTPS, but it only supports HTTP.
2025-12-17 22:31:45 [ERROR] django.server:193 log_message() | You're accessing the development server over HTTPS, but it only supports HTTP.
2025-12-17 22:32:31 [ERROR] django.server:193 log_message() | You're accessing the development server over HTTPS, but it only supports HTTP.
2025-12-17 22:32:31 [ERROR] django.server:193 log_message() | You're accessing the development server over HTTPS, but it only supports HTTP.
2025-12-17 22:32:31 [ERROR] django.server:193 log_message() | You're accessing the development server over HTTPS, but it only supports HTTP.
2025-12-17 22:32:31 [ERROR] django.server:193 log_message() | You're accessing the development server over HTTPS, but it only supports HTTP.
2025-12-17 22:32:32 [ERROR] django.server:193 log_message() | You're accessing the development server over HTTPS, but it only supports HTTP.
2025-12-17 22:32:32 [ERROR] django.server:193 log_message() | You're accessing the development server over HTTPS, but it only supports HTTP.
2025-12-17 22:32:32 [ERROR] django.server:193 log_message() | You're accessing the development server over HTTPS, but it only supports HTTP.
2025-12-17 22:32:32 [ERROR] django.server:193 log_message() | You're accessing the development server over HTTPS, but it only supports HTTP.
2025-12-17 22:32:36 [ERROR] django.server:193 log_message() | You're accessing the development server over HTTPS, but it only supports HTTP.
2025-12-17 22:32:36 [ERROR] django.server:193 log_message() | You're accessing the development server over HTTPS, but it only supports HTTP.
2025-12-17 22:32:37 [ERROR] django.server:193 log_message() | You're accessing the development server over HTTPS, but it only supports HTTP.
2025-12-17 22:32:37 [ERROR] django.server:193 log_message() | You're accessing the development server over HTTPS, but it only supports HTTP.
2025-12-17 22:32:37 [ERROR] django.server:193 log_message() | You're accessing the development server over HTTPS, but it only supports HTTP.
2025-12-17 22:32:37 [ERROR] django.server:193 log_message() | You're accessing the development server over HTTPS, but it only supports HTTP.
2025-12-17 22:32:42 [ERROR] django.server:193 log_message() | You're accessing the development server over HTTPS, but it only supports HTTP.
2025-12-17 22:32:42 [ERROR] django.server:193 log_message() | You're accessing the development server over HTTPS, but it only supports HTTP.
2025-12-17 22:32:42 [ERROR] django.server:193 log_message() | You're accessing the development server over HTTPS, but it only supports HTTP.
2025-12-17 22:32:42 [ERROR] django.server:193 log_message() | You're accessing the development server over HTTPS, but it only supports HTTP.
2025-12-17 22:35:17 [ERROR] django.server:193 log_message() | You're accessing the development server over HTTPS, but it only supports HTTP.
2025-12-17 22:35:17 [ERROR] django.server:193 log_message() | You're accessing the development server over HTTPS, but it only supports HTTP.
2025-12-17 22:35:17 [ERROR] django.server:193 log_message() | You're accessing the development server over HTTPS, but it only supports HTTP.
2025-12-17 22:35:17 [ERROR] django.server:193 log_message() | You're accessing the development server over HTTPS, but it only supports HTTP.
2025-12-17 22:35:19 [ERROR] django.server:193 log_message() | You're accessing the development server over HTTPS, but it only supports HTTP.
2025-12-17 22:35:19 [ERROR] django.server:193 log_message() | You're accessing the development server over HTTPS, but it only supports HTTP.
2025-12-17 22:35:19 [ERROR] django.server:193 log_message() | You're accessing the development server over HTTPS, but it only supports HTTP.
2025-12-17 22:35:19 [ERROR] django.server:193 log_message() | You're accessing the development server over HTTPS, but it only supports HTTP.
2025-12-17 22:35:24 [ERROR] django.server:193 log_message() | You're accessing the development server over HTTPS, but it only supports HTTP.
2025-12-17 22:35:24 [ERROR] django.server:193 log_message() | You're accessing the development server over HTTPS, but it only supports HTTP.
2025-12-17 22:35:24 [ERROR] django.server:193 log_message() | You're accessing the development server over HTTPS, but it only supports HTTP.
2025-12-17 22:35:24 [ERROR] django.server:193 log_message() | You're accessing the development server over HTTPS, but it only supports HTTP.
2025-12-17 22:35:29 [ERROR] django.server:193 log_message() | You're accessing the development server over HTTPS, but it only supports HTTP.
2025-12-17 22:35:29 [ERROR] django.server:193 log_message() | You're accessing the development server over HTTPS, but it only supports HTTP.
2025-12-17 22:35:30 [ERROR] django.server:193 log_message() | You're accessing the development server over HTTPS, but it only supports HTTP.
2025-12-17 22:35:30 [ERROR] django.server:193 log_message() | You're accessing the development server over HTTPS, but it only supports HTTP.
2025-12-17 22:35:30 [ERROR] django.server:193 log_message() | You're accessing the development server over HTTPS, but it only supports HTTP.
2025-12-17 22:35:30 [ERROR] django.server:193 log_message() | You're accessing the development server over HTTPS, but it only supports HTTP.
2025-12-17 22:35:35 [ERROR] django.server:193 log_message() | You're accessing the development server over HTTPS, but it only supports HTTP.
2025-12-17 22:35:35 [ERROR] django.server:193 log_message() | You're accessing the development server over HTTPS, but it only supports HTTP.
2025-12-17 22:35:35 [ERROR] django.server:193 log_message() | You're accessing the development server over HTTPS, but it only supports HTTP.
2025-12-17 22:35:35 [ERROR] django.server:193 log_message() | You're accessing the development server over HTTPS, but it only supports HTTP.
2025-12-17 22:35:35 [ERROR] django.server:193 log_message() | You're accessing the development server over HTTPS, but it only supports HTTP.
2025-12-17 22:35:35 [ERROR] django.server:193 log_message() | You're accessing the development server over HTTPS, but it only supports HTTP.
2025-12-17 22:35:36 [ERROR] django.server:193 log_message() | You're accessing the development server over HTTPS, but it only supports HTTP.
2025-12-17 22:35:37 [ERROR] django.server:193 log_message() | You're accessing the development server over HTTPS, but it only supports HTTP.
2025-12-17 22:35:37 [ERROR] django.server:193 log_message() | You're accessing the development server over HTTPS, but it only supports HTTP.
2025-12-17 22:35:37 [ERROR] django.server:193 log_message() | You're accessing the development server over HTTPS, but it only supports HTTP.
2025-12-17 22:35:42 [ERROR] django.server:193 log_message() | You're accessing the development server over HTTPS, but it only supports HTTP.
2025-12-17 22:35:42 [ERROR] django.server:193 log_message() | You're accessing the development server over HTTPS, but it only supports HTTP.
2025-12-17 22:35:42 [ERROR] django.server:193 log_message() | You're accessing the development server over HTTPS, but it only supports HTTP.
2025-12-17 22:35:42 [ERROR] django.server:193 log_message() | You're accessing the development server over HTTPS, but it only supports HTTP.
2025-12-17 22:38:08 [ERROR] django.server:193 log_message() | You're accessing the development server over HTTPS, but it only supports HTTP.
2025-12-17 22:38:08 [ERROR] django.server:193 log_message() | You're accessing the development server over HTTPS, but it only supports HTTP.
2025-12-17 22:38:08 [ERROR] django.server:193 log_message() | You're accessing the development server over HTTPS, but it only supports HTTP.
2025-12-17 22:38:08 [ERROR] django.server:193 log_message() | You're accessing the development server over HTTPS, but it only supports HTTP.
2025-12-17 22:38:32 [ERROR] django.server:193 log_message() | You're accessing the development server over HTTPS, but it only supports HTTP.
2025-12-17 22:38:32 [ERROR] django.server:193 log_message() | You're accessing the development server over HTTPS, but it only supports HTTP.
2025-12-17 22:38:32 [ERROR] django.server:193 log_message() | You're accessing the development server over HTTPS, but it only supports HTTP.
2025-12-17 22:38:32 [ERROR] django.server:193 log_message() | You're accessing the development server over HTTPS, but it only supports HTTP.
2025-12-17 22:38:34 [ERROR] django.server:193 log_message() | You're accessing the development server over HTTPS, but it only supports HTTP.
2025-12-17 22:38:34 [ERROR] django.server:193 log_message() | You're accessing the development server over HTTPS, but it only supports HTTP.
2025-12-17 22:38:34 [ERROR] django.server:193 log_message() | You're accessing the development server over HTTPS, but it only supports HTTP.
2025-12-17 22:38:34 [ERROR] django.server:193 log_message() | You're accessing the development server over HTTPS, but it only supports HTTP.
2025-12-17 22:39:04 [ERROR] django.server:193 log_message() | You're accessing the development server over HTTPS, but it only supports HTTP.
2025-12-17 22:39:04 [ERROR] django.server:193 log_message() | You're accessing the development server over HTTPS, but it only supports HTTP.
2025-12-17 22:39:04 [ERROR] django.server:193 log_message() | You're accessing the development server over HTTPS, but it only supports HTTP.
2025-12-17 22:39:04 [ERROR] django.server:193 log_message() | You're accessing the development server over HTTPS, but it only supports HTTP.
2025-12-17 22:40:04 [ERROR] django.server:193 log_message() | You're accessing the development server over HTTPS, but it only supports HTTP.
2025-12-17 22:40:04 [ERROR] django.server:193 log_message() | You're accessing the development server over HTTPS, but it only supports HTTP.
2025-12-17 22:40:04 [ERROR] django.server:193 log_message() | You're accessing the development server over HTTPS, but it only supports HTTP.
2025-12-17 22:40:04 [ERROR] django.server:193 log_message() | You're accessing the development server over HTTPS, but it only supports HTTP.
2025-12-17 22:41:11 [ERROR] django.server:193 log_message() | You're accessing the development server over HTTPS, but it only supports HTTP.
2025-12-17 22:41:11 [ERROR] django.server:193 log_message() | You're accessing the development server over HTTPS, but it only supports HTTP.
2025-12-17 22:41:11 [ERROR] django.server:193 log_message() | You're accessing the development server over HTTPS, but it only supports HTTP.
2025-12-17 22:41:11 [ERROR] django.server:193 log_message() | You're accessing the development server over HTTPS, but it only supports HTTP.
2025-12-17 22:41:32 [ERROR] django.server:193 log_message() | You're accessing the development server over HTTPS, but it only supports HTTP.
2025-12-17 22:41:32 [ERROR] django.server:193 log_message() | You're accessing the development server over HTTPS, but it only supports HTTP.
2025-12-17 22:41:33 [ERROR] django.server:193 log_message() | You're accessing the development server over HTTPS, but it only supports HTTP.
2025-12-17 22:41:33 [ERROR] django.server:193 log_message() | You're accessing the development server over HTTPS, but it only supports HTTP.
2025-12-17 22:41:33 [ERROR] django.server:193 log_message() | You're accessing the development server over HTTPS, but it only supports HTTP.
2025-12-17 22:41:33 [ERROR] django.server:193 log_message() | You're accessing the development server over HTTPS, but it only supports HTTP.
2025-12-17 22:41:39 [ERROR] django.server:193 log_message() | You're accessing the development server over HTTPS, but it only supports HTTP.
2025-12-17 22:41:39 [ERROR] django.server:193 log_message() | You're accessing the development server over HTTPS, but it only supports HTTP.
2025-12-17 22:41:39 [ERROR] django.server:193 log_message() | You're accessing the development server over HTTPS, but it only supports HTTP.
2025-12-17 22:41:39 [ERROR] django.server:193 log_message() | You're accessing the development server over HTTPS, but it only supports HTTP.
2025-12-17 22:42:48 [ERROR] django.server:193 log_message() | You're accessing the development server over HTTPS, but it only supports HTTP.
2025-12-17 22:42:48 [ERROR] django.server:193 log_message() | You're accessing the development server over HTTPS, but it only supports HTTP.
2025-12-17 22:42:49 [ERROR] django.server:193 log_message() | You're accessing the development server over HTTPS, but it only supports HTTP.
2025-12-17 22:42:49 [ERROR] django.server:193 log_message() | You're accessing the development server over HTTPS, but it only supports HTTP.
2025-12-17 22:42:49 [ERROR] django.server:193 log_message() | You're accessing the development server over HTTPS, but it only supports HTTP.
2025-12-17 22:42:49 [ERROR] django.server:193 log_message() | You're accessing the development server over HTTPS, but it only supports HTTP.
